Archive member included to satisfy reference by file (symbol)

c:/ac6/systemworkbench/plugins/fr.ac6.mcu.externaltools.arm-none.win32_1.16.0.201807130628/tools/compiler/bin/../lib/gcc/arm-none-eabi/7.2.1/thumb/v7e-m/fpv4-sp/hard\libgcc.a(_aeabi_ldivmod.o)
                              Drivers/STM32F4xx_HAL_Driver/Src/stm32f4xx_hal_rcc.o (__aeabi_ldivmod)
c:/ac6/systemworkbench/plugins/fr.ac6.mcu.externaltools.arm-none.win32_1.16.0.201807130628/tools/compiler/bin/../lib/gcc/arm-none-eabi/7.2.1/thumb/v7e-m/fpv4-sp/hard\libgcc.a(_aeabi_uldivmod.o)
                              Drivers/STM32F4xx_HAL_Driver/Src/stm32f4xx_hal_rcc.o (__aeabi_uldivmod)
c:/ac6/systemworkbench/plugins/fr.ac6.mcu.externaltools.arm-none.win32_1.16.0.201807130628/tools/compiler/bin/../lib/gcc/arm-none-eabi/7.2.1/thumb/v7e-m/fpv4-sp/hard\libgcc.a(_udivmoddi4.o)
                              c:/ac6/systemworkbench/plugins/fr.ac6.mcu.externaltools.arm-none.win32_1.16.0.201807130628/tools/compiler/bin/../lib/gcc/arm-none-eabi/7.2.1/thumb/v7e-m/fpv4-sp/hard\libgcc.a(_aeabi_ldivmod.o) (__udivmoddi4)
c:/ac6/systemworkbench/plugins/fr.ac6.mcu.externaltools.arm-none.win32_1.16.0.201807130628/tools/compiler/bin/../lib/gcc/arm-none-eabi/7.2.1/thumb/v7e-m/fpv4-sp/hard\libgcc.a(_dvmd_tls.o)
                              c:/ac6/systemworkbench/plugins/fr.ac6.mcu.externaltools.arm-none.win32_1.16.0.201807130628/tools/compiler/bin/../lib/gcc/arm-none-eabi/7.2.1/thumb/v7e-m/fpv4-sp/hard\libgcc.a(_aeabi_ldivmod.o) (__aeabi_ldiv0)
c:/ac6/systemworkbench/plugins/fr.ac6.mcu.externaltools.arm-none.win32_1.16.0.201807130628/tools/compiler/bin/../lib/gcc/arm-none-eabi/7.2.1/../../../../arm-none-eabi/lib/thumb/v7e-m/fpv4-sp/hard\libc_nano.a(lib_a-errno.o)
                              Src/syscalls.o (__errno)
c:/ac6/systemworkbench/plugins/fr.ac6.mcu.externaltools.arm-none.win32_1.16.0.201807130628/tools/compiler/bin/../lib/gcc/arm-none-eabi/7.2.1/../../../../arm-none-eabi/lib/thumb/v7e-m/fpv4-sp/hard\libc_nano.a(lib_a-exit.o)
                              c:/ac6/systemworkbench/plugins/fr.ac6.mcu.externaltools.arm-none.win32_1.16.0.201807130628/tools/compiler/bin/../lib/gcc/arm-none-eabi/7.2.1/../../../../arm-none-eabi/lib/thumb/v7e-m/fpv4-sp/hard/crt0.o (exit)
c:/ac6/systemworkbench/plugins/fr.ac6.mcu.externaltools.arm-none.win32_1.16.0.201807130628/tools/compiler/bin/../lib/gcc/arm-none-eabi/7.2.1/../../../../arm-none-eabi/lib/thumb/v7e-m/fpv4-sp/hard\libc_nano.a(lib_a-impure.o)
                              c:/ac6/systemworkbench/plugins/fr.ac6.mcu.externaltools.arm-none.win32_1.16.0.201807130628/tools/compiler/bin/../lib/gcc/arm-none-eabi/7.2.1/../../../../arm-none-eabi/lib/thumb/v7e-m/fpv4-sp/hard\libc_nano.a(lib_a-exit.o) (_global_impure_ptr)
c:/ac6/systemworkbench/plugins/fr.ac6.mcu.externaltools.arm-none.win32_1.16.0.201807130628/tools/compiler/bin/../lib/gcc/arm-none-eabi/7.2.1/../../../../arm-none-eabi/lib/thumb/v7e-m/fpv4-sp/hard\libc_nano.a(lib_a-init.o)
                              c:/ac6/systemworkbench/plugins/fr.ac6.mcu.externaltools.arm-none.win32_1.16.0.201807130628/tools/compiler/bin/../lib/gcc/arm-none-eabi/7.2.1/../../../../arm-none-eabi/lib/thumb/v7e-m/fpv4-sp/hard/crt0.o (__libc_init_array)
c:/ac6/systemworkbench/plugins/fr.ac6.mcu.externaltools.arm-none.win32_1.16.0.201807130628/tools/compiler/bin/../lib/gcc/arm-none-eabi/7.2.1/../../../../arm-none-eabi/lib/thumb/v7e-m/fpv4-sp/hard\libc_nano.a(lib_a-memcpy-stub.o)
                              Middlewares/Third_Party/FreeRTOS/Source/queue.o (memcpy)
c:/ac6/systemworkbench/plugins/fr.ac6.mcu.externaltools.arm-none.win32_1.16.0.201807130628/tools/compiler/bin/../lib/gcc/arm-none-eabi/7.2.1/../../../../arm-none-eabi/lib/thumb/v7e-m/fpv4-sp/hard\libc_nano.a(lib_a-memset.o)
                              c:/ac6/systemworkbench/plugins/fr.ac6.mcu.externaltools.arm-none.win32_1.16.0.201807130628/tools/compiler/bin/../lib/gcc/arm-none-eabi/7.2.1/../../../../arm-none-eabi/lib/thumb/v7e-m/fpv4-sp/hard/crt0.o (memset)

Allocating common symbols
Common symbol       size              file

defaultTaskHandle   0x4               Src/freertos.o
hi2c1               0x54              Src/i2c.o
uwTick              0x4               Drivers/STM32F4xx_HAL_Driver/Src/stm32f4xx_hal.o
xQueueRegistry      0x40              Middlewares/Third_Party/FreeRTOS/Source/queue.o
pFlash              0x20              Drivers/STM32F4xx_HAL_Driver/Src/stm32f4xx_hal_flash.o
huart1              0x40              Src/usart.o
htim1               0x40              Src/stm32f4xx_hal_timebase_tim.o
huart6              0x40              Src/usart.o

Discarded input sections

 .text          0x00000000        0x0 c:/ac6/systemworkbench/plugins/fr.ac6.mcu.externaltools.arm-none.win32_1.16.0.201807130628/tools/compiler/bin/../lib/gcc/arm-none-eabi/7.2.1/thumb/v7e-m/fpv4-sp/hard/crti.o
[...]
Memory Configuration

Name             Origin             Length             Attributes
RAM              0x20000000         0x00020000         xrw
FLASH            0x08000000         0x00080000         xr
*default*        0x00000000         0xffffffff

Linker script and memory map

LOAD c:/ac6/systemworkbench/plugins/fr.ac6.mcu.externaltools.arm-none.win32_1.16.0.201807130628/tools/compiler/bin/../lib/gcc/arm-none-eabi/7.2.1/thumb/v7e-m/fpv4-sp/hard/crti.o
LOAD c:/ac6/systemworkbench/plugins/fr.ac6.mcu.externaltools.arm-none.win32_1.16.0.201807130628/tools/compiler/bin/../lib/gcc/arm-none-eabi/7.2.1/thumb/v7e-m/fpv4-sp/hard/crtbegin.o
LOAD c:/ac6/systemworkbench/plugins/fr.ac6.mcu.externaltools.arm-none.win32_1.16.0.201807130628/tools/compiler/bin/../lib/gcc/arm-none-eabi/7.2.1/../../../../arm-none-eabi/lib/thumb/v7e-m/fpv4-sp/hard/crt0.o
LOAD Drivers/STM32F4xx_HAL_Driver/Src/stm32f4xx_hal.o
LOAD Drivers/STM32F4xx_HAL_Driver/Src/stm32f4xx_hal_cortex.o
LOAD Drivers/STM32F4xx_HAL_Driver/Src/stm32f4xx_hal_dma.o
LOAD Drivers/STM32F4xx_HAL_Driver/Src/stm32f4xx_hal_dma_ex.o
LOAD Drivers/STM32F4xx_HAL_Driver/Src/stm32f4xx_hal_exti.o
LOAD Drivers/STM32F4xx_HAL_Driver/Src/stm32f4xx_hal_flash.o
LOAD Drivers/STM32F4xx_HAL_Driver/Src/stm32f4xx_hal_flash_ex.o
LOAD Drivers/STM32F4xx_HAL_Driver/Src/stm32f4xx_hal_flash_ramfunc.o
LOAD Drivers/STM32F4xx_HAL_Driver/Src/stm32f4xx_hal_gpio.o
LOAD Drivers/STM32F4xx_HAL_Driver/Src/stm32f4xx_hal_i2c.o
LOAD Drivers/STM32F4xx_HAL_Driver/Src/stm32f4xx_hal_i2c_ex.o
LOAD Drivers/STM32F4xx_HAL_Driver/Src/stm32f4xx_hal_pwr.o
LOAD Drivers/STM32F4xx_HAL_Driver/Src/stm32f4xx_hal_pwr_ex.o
LOAD Drivers/STM32F4xx_HAL_Driver/Src/stm32f4xx_hal_rcc.o
LOAD Drivers/STM32F4xx_HAL_Driver/Src/stm32f4xx_hal_rcc_ex.o
LOAD Drivers/STM32F4xx_HAL_Driver/Src/stm32f4xx_hal_tim.o
LOAD Drivers/STM32F4xx_HAL_Driver/Src/stm32f4xx_hal_tim_ex.o
LOAD Drivers/STM32F4xx_HAL_Driver/Src/stm32f4xx_hal_uart.o
LOAD Middlewares/Third_Party/FreeRTOS/Source/CMSIS_RTOS/cmsis_os.o
LOAD Middlewares/Third_Party/FreeRTOS/Source/croutine.o
LOAD Middlewares/Third_Party/FreeRTOS/Source/event_groups.o
LOAD Middlewares/Third_Party/FreeRTOS/Source/list.o
LOAD Middlewares/Third_Party/FreeRTOS/Source/queue.o
LOAD Middlewares/Third_Party/FreeRTOS/Source/stream_buffer.o
LOAD Middlewares/Third_Party/FreeRTOS/Source/tasks.o
LOAD Middlewares/Third_Party/FreeRTOS/Source/timers.o
LOAD Middlewares/Third_Party/FreeRTOS/Source/portable/GCC/ARM_CM4F/port.o
LOAD Middlewares/Third_Party/FreeRTOS/Source/portable/MemMang/heap_4.o
LOAD Src/freertos.o
LOAD Src/gpio.o
LOAD Src/i2c.o
LOAD Src/main.o
LOAD Src/stm32f4xx_hal_msp.o
LOAD Src/stm32f4xx_hal_timebase_tim.o
LOAD Src/stm32f4xx_it.o
LOAD Src/syscalls.o
LOAD Src/system_stm32f4xx.o
LOAD Src/usart.o
LOAD startup/startup_stm32f411xe.o
LOAD c:/ac6/systemworkbench/plugins/fr.ac6.mcu.externaltools.arm-none.win32_1.16.0.201807130628/tools/compiler/bin/../lib/gcc/arm-none-eabi/7.2.1/../../../../arm-none-eabi/lib/thumb/v7e-m/fpv4-sp/hard\libm.a
START GROUP
LOAD c:/ac6/systemworkbench/plugins/fr.ac6.mcu.externaltools.arm-none.win32_1.16.0.201807130628/tools/compiler/bin/../lib/gcc/arm-none-eabi/7.2.1/thumb/v7e-m/fpv4-sp/hard\libgcc.a
LOAD c:/ac6/systemworkbench/plugins/fr.ac6.mcu.externaltools.arm-none.win32_1.16.0.201807130628/tools/compiler/bin/../lib/gcc/arm-none-eabi/7.2.1/../../../../arm-none-eabi/lib/thumb/v7e-m/fpv4-sp/hard\libc_nano.a
END GROUP
START GROUP
LOAD c:/ac6/systemworkbench/plugins/fr.ac6.mcu.externaltools.arm-none.win32_1.16.0.201807130628/tools/compiler/bin/../lib/gcc/arm-none-eabi/7.2.1/thumb/v7e-m/fpv4-sp/hard\libgcc.a
LOAD c:/ac6/systemworkbench/plugins/fr.ac6.mcu.externaltools.arm-none.win32_1.16.0.201807130628/tools/compiler/bin/../lib/gcc/arm-none-eabi/7.2.1/../../../../arm-none-eabi/lib/thumb/v7e-m/fpv4-sp/hard\libc_nano.a
LOAD c:/ac6/systemworkbench/plugins/fr.ac6.mcu.externaltools.arm-none.win32_1.16.0.201807130628/tools/compiler/bin/../lib/gcc/arm-none-eabi/7.2.1/../../../../arm-none-eabi/lib/thumb/v7e-m/fpv4-sp/hard\libnosys.a
END GROUP
START GROUP
LOAD c:/ac6/systemworkbench/plugins/fr.ac6.mcu.externaltools.arm-none.win32_1.16.0.201807130628/tools/compiler/bin/../lib/gcc/arm-none-eabi/7.2.1/thumb/v7e-m/fpv4-sp/hard\libgcc.a
LOAD c:/ac6/systemworkbench/plugins/fr.ac6.mcu.externaltools.arm-none.win32_1.16.0.201807130628/tools/compiler/bin/../lib/gcc/arm-none-eabi/7.2.1/../../../../arm-none-eabi/lib/thumb/v7e-m/fpv4-sp/hard\libc_nano.a
LOAD c:/ac6/systemworkbench/plugins/fr.ac6.mcu.externaltools.arm-none.win32_1.16.0.201807130628/tools/compiler/bin/../lib/gcc/arm-none-eabi/7.2.1/../../../../arm-none-eabi/lib/thumb/v7e-m/fpv4-sp/hard\libnosys.a
END GROUP
LOAD c:/ac6/systemworkbench/plugins/fr.ac6.mcu.externaltools.arm-none.win32_1.16.0.201807130628/tools/compiler/bin/../lib/gcc/arm-none-eabi/7.2.1/thumb/v7e-m/fpv4-sp/hard/crtend.o
LOAD c:/ac6/systemworkbench/plugins/fr.ac6.mcu.externaltools.arm-none.win32_1.16.0.201807130628/tools/compiler/bin/../lib/gcc/arm-none-eabi/7.2.1/thumb/v7e-m/fpv4-sp/hard/crtn.o
                0x20020000                _estack = 0x20020000
                0x00000200                _Min_Heap_Size = 0x200
                0x00000400                _Min_Stack_Size = 0x400

.isr_vector     0x08000000      0x198
                0x08000000                . = ALIGN (0x4)
 *(.isr_vector)
 .isr_vector    0x08000000      0x198 startup/startup_stm32f411xe.o
                0x08000000                g_pfnVectors
                0x08000198                . = ALIGN (0x4)

.text           0x080001a0     0x2700
                0x080001a0                . = ALIGN (0x4)
 *(.text)
 .text          0x080001a0       0x40 c:/ac6/systemworkbench/plugins/fr.ac6.mcu.externaltools.arm-none.win32_1.16.0.201807130628/tools/compiler/bin/../lib/gcc/arm-none-eabi/7.2.1/thumb/v7e-m/fpv4-sp/hard/crtbegin.o
 .text          0x080001e0       0x30 c:/ac6/systemworkbench/plugins/fr.ac6.mcu.externaltools.arm-none.win32_1.16.0.201807130628/tools/compiler/bin/../lib/gcc/arm-none-eabi/7.2.1/thumb/v7e-m/fpv4-sp/hard\libgcc.a(_aeabi_uldivmod.o)
                0x080001e0                __aeabi_uldivmod
 .text          0x08000210      0x2cc c:/ac6/systemworkbench/plugins/fr.ac6.mcu.externaltools.arm-none.win32_1.16.0.201807130628/tools/compiler/bin/../lib/gcc/arm-none-eabi/7.2.1/thumb/v7e-m/fpv4-sp/hard\libgcc.a(_udivmoddi4.o)
                0x08000210                __udivmoddi4
 .text          0x080004dc        0x4 c:/ac6/systemworkbench/plugins/fr.ac6.mcu.externaltools.arm-none.win32_1.16.0.201807130628/tools/compiler/bin/../lib/gcc/arm-none-eabi/7.2.1/thumb/v7e-m/fpv4-sp/hard\libgcc.a(_dvmd_tls.o)
                0x080004dc                __aeabi_idiv0
                0x080004dc                __aeabi_ldiv0
 *(.text*)
 .text.HAL_Init
                0x080004e0       0x34 Drivers/STM32F4xx_HAL_Driver/Src/stm32f4xx_hal.o
                0x080004e0                HAL_Init
 .text.HAL_IncTick
                0x08000514       0x18 Drivers/STM32F4xx_HAL_Driver/Src/stm32f4xx_hal.o
                0x08000514                HAL_IncTick
 .text.HAL_GetTick
                0x0800052c        0xc Drivers/STM32F4xx_HAL_Driver/Src/stm32f4xx_hal.o
                0x0800052c                HAL_GetTick
 .text.HAL_Delay
                0x08000538       0x24 Drivers/STM32F4xx_HAL_Driver/Src/stm32f4xx_hal.o
                0x08000538                HAL_Delay
 .text.HAL_NVIC_SetPriorityGrouping
                0x0800055c       0x24 Drivers/STM32F4xx_HAL_Driver/Src/stm32f4xx_hal_cortex.o
                0x0800055c                HAL_NVIC_SetPriorityGrouping
 .text.HAL_NVIC_SetPriority
                0x08000580       0x6c Drivers/STM32F4xx_HAL_Driver/Src/stm32f4xx_hal_cortex.o
                0x08000580                HAL_NVIC_SetPriority
 .text.HAL_NVIC_EnableIRQ
                0x080005ec       0x1c Drivers/STM32F4xx_HAL_Driver/Src/stm32f4xx_hal_cortex.o
                0x080005ec                HAL_NVIC_EnableIRQ
 .text.HAL_GPIO_Init
                0x08000608      0x1c0 Drivers/STM32F4xx_HAL_Driver/Src/stm32f4xx_hal_gpio.o
                0x08000608                HAL_GPIO_Init
 .text.HAL_GPIO_WritePin
                0x080007c8        0x8 Drivers/STM32F4xx_HAL_Driver/Src/stm32f4xx_hal_gpio.o
                0x080007c8                HAL_GPIO_WritePin
 .text.HAL_I2C_Init
                0x080007d0      0x170 Drivers/STM32F4xx_HAL_Driver/Src/stm32f4xx_hal_i2c.o
                0x080007d0                HAL_I2C_Init
 .text.HAL_RCC_OscConfig
                0x08000940      0x374 Drivers/STM32F4xx_HAL_Driver/Src/stm32f4xx_hal_rcc.o
                0x08000940                HAL_RCC_OscConfig
 .text.HAL_RCC_GetSysClockFreq
                0x08000cb4       0x6c Drivers/STM32F4xx_HAL_Driver/Src/stm32f4xx_hal_rcc.o
                0x08000cb4                HAL_RCC_GetSysClockFreq
 .text.HAL_RCC_ClockConfig
                0x08000d20      0x134 Drivers/STM32F4xx_HAL_Driver/Src/stm32f4xx_hal_rcc.o
                0x08000d20                HAL_RCC_ClockConfig
 .text.HAL_RCC_GetPCLK1Freq
                0x08000e54       0x20 Drivers/STM32F4xx_HAL_Driver/Src/stm32f4xx_hal_rcc.o
                0x08000e54                HAL_RCC_GetPCLK1Freq
 .text.HAL_RCC_GetPCLK2Freq
                0x08000e74       0x20 Drivers/STM32F4xx_HAL_Driver/Src/stm32f4xx_hal_rcc.o
                0x08000e74                HAL_RCC_GetPCLK2Freq
 .text.HAL_RCC_GetClockConfig
                0x08000e94       0x44 Drivers/STM32F4xx_HAL_Driver/Src/stm32f4xx_hal_rcc.o
                0x08000e94                HAL_RCC_GetClockConfig
 .text.HAL_TIM_Base_MspInit
                0x08000ed8        0x4 Drivers/STM32F4xx_HAL_Driver/Src/stm32f4xx_hal_tim.o
                0x08000ed8                HAL_TIM_Base_MspInit
 .text.HAL_TIM_Base_Init
                0x08000edc       0xbc Drivers/STM32F4xx_HAL_Driver/Src/stm32f4xx_hal_tim.o
                0x08000edc                HAL_TIM_Base_Init
 .text.HAL_TIM_Base_Start_IT
                0x08000f98       0x20 Drivers/STM32F4xx_HAL_Driver/Src/stm32f4xx_hal_tim.o
                0x08000f98                HAL_TIM_Base_Start_IT
 .text.HAL_TIM_OC_DelayElapsedCallback
                0x08000fb8        0x4 Drivers/STM32F4xx_HAL_Driver/Src/stm32f4xx_hal_tim.o
                0x08000fb8                HAL_TIM_OC_DelayElapsedCallback
 .text.HAL_TIM_IC_CaptureCallback
                0x08000fbc        0x4 Drivers/STM32F4xx_HAL_Driver/Src/stm32f4xx_hal_tim.o
                0x08000fbc                HAL_TIM_IC_CaptureCallback
 .text.HAL_TIM_PWM_PulseFinishedCallback
                0x08000fc0        0x4 Drivers/STM32F4xx_HAL_Driver/Src/stm32f4xx_hal_tim.o
                0x08000fc0                HAL_TIM_PWM_PulseFinishedCallback
 .text.HAL_TIM_TriggerCallback
                0x08000fc4        0x4 Drivers/STM32F4xx_HAL_Driver/Src/stm32f4xx_hal_tim.o
                0x08000fc4                HAL_TIM_TriggerCallback
 .text.HAL_TIM_IRQHandler
                0x08000fc8      0x154 Drivers/STM32F4xx_HAL_Driver/Src/stm32f4xx_hal_tim.o
                0x08000fc8                HAL_TIM_IRQHandler
 .text.HAL_TIMEx_CommutCallback
                0x0800111c        0x4 Drivers/STM32F4xx_HAL_Driver/Src/stm32f4xx_hal_tim_ex.o
                0x0800111c                HAL_TIMEx_CommutCallback
 .text.HAL_TIMEx_BreakCallback
                0x08001120        0x4 Drivers/STM32F4xx_HAL_Driver/Src/stm32f4xx_hal_tim_ex.o
                0x08001120                HAL_TIMEx_BreakCallback
 .text.HAL_UART_Init
                0x08001124      0x314 Drivers/STM32F4xx_HAL_Driver/Src/stm32f4xx_hal_uart.o
                0x08001124                HAL_UART_Init
 .text.HAL_UART_Transmit
                0x08001438      0x110 Drivers/STM32F4xx_HAL_Driver/Src/stm32f4xx_hal_uart.o
                0x08001438                HAL_UART_Transmit
 .text.osKernelStart
                0x08001548        0xc Middlewares/Third_Party/FreeRTOS/Source/CMSIS_RTOS/cmsis_os.o
                0x08001548                osKernelStart
 .text.osThreadCreate
                0x08001554       0x30 Middlewares/Third_Party/FreeRTOS/Source/CMSIS_RTOS/cmsis_os.o
                0x08001554                osThreadCreate
 .text.osDelay  0x08001584       0x10 Middlewares/Third_Party/FreeRTOS/Source/CMSIS_RTOS/cmsis_os.o
                0x08001584                osDelay
 .text.vListInitialise
                0x08001594       0x18 Middlewares/Third_Party/FreeRTOS/Source/list.o
                0x08001594                vListInitialise
 .text.vListInitialiseItem
                0x080015ac        0x8 Middlewares/Third_Party/FreeRTOS/Source/list.o
                0x080015ac                vListInitialiseItem
 .text.vListInsertEnd
                0x080015b4       0x20 Middlewares/Third_Party/FreeRTOS/Source/list.o
                0x080015b4                vListInsertEnd
 .text.vListInsert
                0x080015d4       0x34 Middlewares/Third_Party/FreeRTOS/Source/list.o
                0x080015d4                vListInsert
 .text.uxListRemove
                0x08001608       0x28 Middlewares/Third_Party/FreeRTOS/Source/list.o
                0x08001608                uxListRemove
 .text.prvIdleTask
                0x08001630       0x58 Middlewares/Third_Party/FreeRTOS/Source/tasks.o
 .text.prvAddCurrentTaskToDelayedList
                0x08001688       0x88 Middlewares/Third_Party/FreeRTOS/Source/tasks.o
 .text.xTaskCreate
                0x08001710      0x234 Middlewares/Third_Party/FreeRTOS/Source/tasks.o
                0x08001710                xTaskCreate
 .text.vTaskStartScheduler
                0x08001944      0x1a4 Middlewares/Third_Party/FreeRTOS/Source/tasks.o
                0x08001944                vTaskStartScheduler
 .text.vTaskSuspendAll
                0x08001ae8       0x14 Middlewares/Third_Party/FreeRTOS/Source/tasks.o
                0x08001ae8                vTaskSuspendAll
 .text.xTaskIncrementTick
                0x08001afc      0x12c Middlewares/Third_Party/FreeRTOS/Source/tasks.o
                0x08001afc                xTaskIncrementTick
 .text.xTaskResumeAll
                0x08001c28       0xf8 Middlewares/Third_Party/FreeRTOS/Source/tasks.o
                0x08001c28                xTaskResumeAll
 .text.vTaskDelay
                0x08001d20       0x4c Middlewares/Third_Party/FreeRTOS/Source/tasks.o
                0x08001d20                vTaskDelay
 .text.vTaskSwitchContext
                0x08001d6c       0x6c Middlewares/Third_Party/FreeRTOS/Source/tasks.o
                0x08001d6c                vTaskSwitchContext
 .text.prvTaskExitError
                0x08001dd8       0x40 Middlewares/Third_Party/FreeRTOS/Source/portable/GCC/ARM_CM4F/port.o
 .text.unlikely.prvPortStartFirstTask
                0x08001e18       0x28 Middlewares/Third_Party/FreeRTOS/Source/portable/GCC/ARM_CM4F/port.o
 .text.unlikely.vPortEnableVFP
                0x08001e40       0x14 Middlewares/Third_Party/FreeRTOS/Source/portable/GCC/ARM_CM4F/port.o
 .text.pxPortInitialiseStack
                0x08001e54       0x2c Middlewares/Third_Party/FreeRTOS/Source/portable/GCC/ARM_CM4F/port.o
                0x08001e54                pxPortInitialiseStack
 .text.SVC_Handler
                0x08001e80       0x24 Middlewares/Third_Party/FreeRTOS/Source/portable/GCC/ARM_CM4F/port.o
                0x08001e80                SVC_Handler
 .text.vPortEnterCritical
                0x08001ea4       0x44 Middlewares/Third_Party/FreeRTOS/Source/portable/GCC/ARM_CM4F/port.o
                0x08001ea4                vPortEnterCritical
 .text.vPortExitCritical
                0x08001ee8       0x28 Middlewares/Third_Party/FreeRTOS/Source/portable/GCC/ARM_CM4F/port.o
                0x08001ee8                vPortExitCritical
 .text.PendSV_Handler
                0x08001f10       0x64 Middlewares/Third_Party/FreeRTOS/Source/portable/GCC/ARM_CM4F/port.o
                0x08001f10                PendSV_Handler
 .text.SysTick_Handler
                0x08001f74       0x2c Middlewares/Third_Party/FreeRTOS/Source/portable/GCC/ARM_CM4F/port.o
                0x08001f74                SysTick_Handler
 .text.vPortSetupTimerInterrupt
                0x08001fa0       0x3c Middlewares/Third_Party/FreeRTOS/Source/portable/GCC/ARM_CM4F/port.o
                0x08001fa0                vPortSetupTimerInterrupt
 .text.xPortStartScheduler
                0x08001fdc      0x108 Middlewares/Third_Party/FreeRTOS/Source/portable/GCC/ARM_CM4F/port.o
                0x08001fdc                xPortStartScheduler
 .text.unlikely.prvInsertBlockIntoFreeList
                0x080020e4       0x4c Middlewares/Third_Party/FreeRTOS/Source/portable/MemMang/heap_4.o
 .text.pvPortMalloc
                0x08002130       0xf8 Middlewares/Third_Party/FreeRTOS/Source/portable/MemMang/heap_4.o
                0x08002130                pvPortMalloc
 .text.vPortFree
                0x08002228       0x68 Middlewares/Third_Party/FreeRTOS/Source/portable/MemMang/heap_4.o
                0x08002228                vPortFree
 .text.StartDefaultTask
                0x08002290        0xc Src/freertos.o
                0x08002290                StartDefaultTask
 .text.MX_FREERTOS_Init
                0x0800229c       0x28 Src/freertos.o
                0x0800229c                MX_FREERTOS_Init
 .text.MX_GPIO_Init
                0x080022c4       0xac Src/gpio.o
                0x080022c4                MX_GPIO_Init
 .text.MX_I2C1_Init
                0x08002370       0x40 Src/i2c.o
                0x08002370                MX_I2C1_Init
 .text.HAL_I2C_MspInit
                0x080023b0       0x74 Src/i2c.o
                0x080023b0                HAL_I2C_MspInit
 .text.vTask1_handler
                0x08002424       0x30 Src/main.o
                0x08002424                vTask1_handler
 .text.SystemClock_Config
                0x08002454       0x90 Src/main.o
                0x08002454                SystemClock_Config
 .text.startup.main
                0x080024e4       0x90 Src/main.o
                0x080024e4                main
 .text.HAL_TIM_PeriodElapsedCallback
                0x08002574       0x14 Src/main.o
                0x08002574                HAL_TIM_PeriodElapsedCallback
 .text.Error_Handler
                0x08002588        0x4 Src/main.o
                0x08002588                Error_Handler
 .text.HAL_MspInit
                0x0800258c       0x40 Src/stm32f4xx_hal_msp.o
                0x0800258c                HAL_MspInit
 .text.HAL_InitTick
                0x080025cc       0x7c Src/stm32f4xx_hal_timebase_tim.o
                0x080025cc                HAL_InitTick
 .text.NMI_Handler
                0x08002648        0x4 Src/stm32f4xx_it.o
                0x08002648                NMI_Handler
 .text.HardFault_Handler
                0x0800264c        0x4 Src/stm32f4xx_it.o
                0x0800264c                HardFault_Handler
 .text.MemManage_Handler
                0x08002650        0x4 Src/stm32f4xx_it.o
                0x08002650                MemManage_Handler
 .text.BusFault_Handler
                0x08002654        0x4 Src/stm32f4xx_it.o
                0x08002654                BusFault_Handler
 .text.UsageFault_Handler
                0x08002658        0x4 Src/stm32f4xx_it.o
                0x08002658                UsageFault_Handler
 .text.DebugMon_Handler
                0x0800265c        0x4 Src/stm32f4xx_it.o
                0x0800265c                DebugMon_Handler
 .text.TIM1_UP_TIM10_IRQHandler
                0x08002660        0xc Src/stm32f4xx_it.o
                0x08002660                TIM1_UP_TIM10_IRQHandler
 .text.SystemInit
                0x0800266c       0x50 Src/system_stm32f4xx.o
                0x0800266c                SystemInit
 .text.MX_USART1_UART_Init
                0x080026bc       0x38 Src/usart.o
                0x080026bc                MX_USART1_UART_Init
 .text.MX_USART6_UART_Init
                0x080026f4       0x38 Src/usart.o
                0x080026f4                MX_USART6_UART_Init
 .text.HAL_UART_MspInit
                0x0800272c       0xc0 Src/usart.o
                0x0800272c                HAL_UART_MspInit
 .text.Reset_Handler
                0x080027ec       0x50 startup/startup_stm32f411xe.o
                0x080027ec                Reset_Handler
 .text.Default_Handler
                0x0800283c        0x2 startup/startup_stm32f411xe.o
                0x0800283c                RTC_Alarm_IRQHandler
                0x0800283c                EXTI2_IRQHandler
                0x0800283c                SPI4_IRQHandler
                0x0800283c                TIM1_CC_IRQHandler
                0x0800283c                DMA2_Stream5_IRQHandler
                0x0800283c                DMA1_Stream5_IRQHandler
                0x0800283c                PVD_IRQHandler
                0x0800283c                SDIO_IRQHandler
                0x0800283c                TAMP_STAMP_IRQHandler
                0x0800283c                EXTI3_IRQHandler
                0x0800283c                I2C3_ER_IRQHandler
                0x0800283c                EXTI0_IRQHandler
                0x0800283c                I2C2_EV_IRQHandler
                0x0800283c                DMA1_Stream2_IRQHandler
                0x0800283c                FPU_IRQHandler
                0x0800283c                DMA2_Stream2_IRQHandler
                0x0800283c                SPI1_IRQHandler
                0x0800283c                TIM1_BRK_TIM9_IRQHandler
                0x0800283c                DMA2_Stream3_IRQHandler
                0x0800283c                USART6_IRQHandler
                0x0800283c                DMA2_Stream0_IRQHandler
                0x0800283c                TIM4_IRQHandler
                0x0800283c                I2C1_EV_IRQHandler
                0x0800283c                DMA1_Stream6_IRQHandler
                0x0800283c                DMA1_Stream1_IRQHandler
                0x0800283c                TIM3_IRQHandler
                0x0800283c                RCC_IRQHandler
                0x0800283c                Default_Handler
                0x0800283c                EXTI15_10_IRQHandler
                0x0800283c                ADC_IRQHandler
                0x0800283c                DMA1_Stream7_IRQHandler
                0x0800283c                SPI5_IRQHandler
                0x0800283c                TIM5_IRQHandler
                0x0800283c                DMA2_Stream7_IRQHandler
                0x0800283c                I2C3_EV_IRQHandler
                0x0800283c                EXTI9_5_IRQHandler
                0x0800283c                RTC_WKUP_IRQHandler
                0x0800283c                SPI2_IRQHandler
                0x0800283c                DMA1_Stream0_IRQHandler
                0x0800283c                EXTI4_IRQHandler
                0x0800283c                WWDG_IRQHandler
                0x0800283c                TIM2_IRQHandler
                0x0800283c                OTG_FS_WKUP_IRQHandler
                0x0800283c                TIM1_TRG_COM_TIM11_IRQHandler
                0x0800283c                EXTI1_IRQHandler
                0x0800283c                USART2_IRQHandler
                0x0800283c                I2C2_ER_IRQHandler
                0x0800283c                DMA2_Stream1_IRQHandler
                0x0800283c                FLASH_IRQHandler
                0x0800283c                DMA2_Stream4_IRQHandler
                0x0800283c                USART1_IRQHandler
                0x0800283c                OTG_FS_IRQHandler
                0x0800283c                SPI3_IRQHandler
                0x0800283c                DMA1_Stream4_IRQHandler
                0x0800283c                I2C1_ER_IRQHandler
                0x0800283c                DMA2_Stream6_IRQHandler
                0x0800283c                DMA1_Stream3_IRQHandler
 *fill*         0x0800283e        0x2 
 .text.__libc_init_array
                0x08002840       0x48 c:/ac6/systemworkbench/plugins/fr.ac6.mcu.externaltools.arm-none.win32_1.16.0.201807130628/tools/compiler/bin/../lib/gcc/arm-none-eabi/7.2.1/../../../../arm-none-eabi/lib/thumb/v7e-m/fpv4-sp/hard\libc_nano.a(lib_a-init.o)
                0x08002840                __libc_init_array
 *(.glue_7)
 .glue_7        0x08002888        0x0 linker stubs
 *(.glue_7t)
 .glue_7t       0x08002888        0x0 linker stubs
 *(.eh_frame)
 .eh_frame      0x08002888        0x0 c:/ac6/systemworkbench/plugins/fr.ac6.mcu.externaltools.arm-none.win32_1.16.0.201807130628/tools/compiler/bin/../lib/gcc/arm-none-eabi/7.2.1/thumb/v7e-m/fpv4-sp/hard/crtbegin.o
 *(.init)
 .init          0x08002888        0x4 c:/ac6/systemworkbench/plugins/fr.ac6.mcu.externaltools.arm-none.win32_1.16.0.201807130628/tools/compiler/bin/../lib/gcc/arm-none-eabi/7.2.1/thumb/v7e-m/fpv4-sp/hard/crti.o
                0x08002888                _init
 .init          0x0800288c        0x8 c:/ac6/systemworkbench/plugins/fr.ac6.mcu.externaltools.arm-none.win32_1.16.0.201807130628/tools/compiler/bin/../lib/gcc/arm-none-eabi/7.2.1/thumb/v7e-m/fpv4-sp/hard/crtn.o
 *(.fini)
 .fini          0x08002894        0x4 c:/ac6/systemworkbench/plugins/fr.ac6.mcu.externaltools.arm-none.win32_1.16.0.201807130628/tools/compiler/bin/../lib/gcc/arm-none-eabi/7.2.1/thumb/v7e-m/fpv4-sp/hard/crti.o
                0x08002894                _fini
 .fini          0x08002898        0x8 c:/ac6/systemworkbench/plugins/fr.ac6.mcu.externaltools.arm-none.win32_1.16.0.201807130628/tools/compiler/bin/../lib/gcc/arm-none-eabi/7.2.1/thumb/v7e-m/fpv4-sp/hard/crtn.o
                0x080028a0                . = ALIGN (0x4)
                0x080028a0                _etext = .

.vfp11_veneer   0x080028a0        0x0
 .vfp11_veneer  0x080028a0        0x0 linker stubs

.v4_bx          0x080028a0        0x0
 .v4_bx         0x080028a0        0x0 linker stubs

.iplt           0x080028a0        0x0
 .iplt          0x080028a0        0x0 c:/ac6/systemworkbench/plugins/fr.ac6.mcu.externaltools.arm-none.win32_1.16.0.201807130628/tools/compiler/bin/../lib/gcc/arm-none-eabi/7.2.1/thumb/v7e-m/fpv4-sp/hard/crtbegin.o

.rodata         0x080028a0       0x58
                0x080028a0                . = ALIGN (0x4)
 *(.rodata)
 .rodata        0x080028a0       0x14 Src/freertos.o
 .rodata        0x080028b4       0x18 Src/system_stm32f4xx.o
                0x080028b4                AHBPrescTable
                0x080028c4                APBPrescTable
 *(.rodata*)
 .rodata.str1.4
                0x080028cc        0xc Src/freertos.o
 .rodata.str1.4
                0x080028d8       0x20 Src/main.o
                                 0x1f (size before relaxing)
                0x080028f8                . = ALIGN (0x4)

.ARM.extab
 *(.ARM.extab* .gnu.linkonce.armextab.*)

.ARM            0x080028f8        0x8
                0x080028f8                __exidx_start = .
 *(.ARM.exidx*)
 .ARM.exidx     0x080028f8        0x8 c:/ac6/systemworkbench/plugins/fr.ac6.mcu.externaltools.arm-none.win32_1.16.0.201807130628/tools/compiler/bin/../lib/gcc/arm-none-eabi/7.2.1/thumb/v7e-m/fpv4-sp/hard\libgcc.a(_udivmoddi4.o)
                0x08002900                __exidx_end = .

.rel.dyn        0x08002900        0x0
 .rel.iplt      0x08002900        0x0 c:/ac6/systemworkbench/plugins/fr.ac6.mcu.externaltools.arm-none.win32_1.16.0.201807130628/tools/compiler/bin/../lib/gcc/arm-none-eabi/7.2.1/thumb/v7e-m/fpv4-sp/hard/crtbegin.o

.preinit_array  0x08002900        0x0
                0x08002900                PROVIDE (__preinit_array_start, .)
 *(.preinit_array*)
                0x08002900                PROVIDE (__preinit_array_end, .)

.init_array     0x08002900        0x4
                0x08002900                PROVIDE (__init_array_start, .)
 *(SORT_BY_NAME(.init_array.*))
 *(.init_array*)
 .init_array    0x08002900        0x4 c:/ac6/systemworkbench/plugins/fr.ac6.mcu.externaltools.arm-none.win32_1.16.0.201807130628/tools/compiler/bin/../lib/gcc/arm-none-eabi/7.2.1/thumb/v7e-m/fpv4-sp/hard/crtbegin.o
                0x08002904                PROVIDE (__init_array_end, .)

.fini_array     0x08002904        0x4
                [!provide]                PROVIDE (__fini_array_start, .)
 *(SORT_BY_NAME(.fini_array.*))
 *(.fini_array*)
 .fini_array    0x08002904        0x4 c:/ac6/systemworkbench/plugins/fr.ac6.mcu.externaltools.arm-none.win32_1.16.0.201807130628/tools/compiler/bin/../lib/gcc/arm-none-eabi/7.2.1/thumb/v7e-m/fpv4-sp/hard/crtbegin.o
                [!provide]                PROVIDE (__fini_array_end, .)
                0x08002908                _sidata = LOADADDR (.data)

.data           0x20000000       0x10 load address 0x08002908
                0x20000000                . = ALIGN (0x4)
                0x20000000                _sdata = .
 *(.data)
 .data          0x20000000        0x8 Drivers/STM32F4xx_HAL_Driver/Src/stm32f4xx_hal.o
                0x20000000                uwTickFreq
                0x20000004                uwTickPrio
 .data          0x20000008        0x4 Middlewares/Third_Party/FreeRTOS/Source/portable/GCC/ARM_CM4F/port.o
 .data          0x2000000c        0x4 Src/system_stm32f4xx.o
                0x2000000c                SystemCoreClock
 *(.data*)
                0x20000010                . = ALIGN (0x4)
                0x20000010                _edata = .

.igot.plt       0x20000010        0x0 load address 0x08002918
 .igot.plt      0x20000010        0x0 c:/ac6/systemworkbench/plugins/fr.ac6.mcu.externaltools.arm-none.win32_1.16.0.201807130628/tools/compiler/bin/../lib/gcc/arm-none-eabi/7.2.1/thumb/v7e-m/fpv4-sp/hard/crtbegin.o
                0x20000010                . = ALIGN (0x4)

.bss            0x20000010     0x3e88 load address 0x08002918
                0x20000010                _sbss = .
                0x20000010                __bss_start__ = _sbss
 *(.bss)
 .bss           0x20000010       0x1c c:/ac6/systemworkbench/plugins/fr.ac6.mcu.externaltools.arm-none.win32_1.16.0.201807130628/tools/compiler/bin/../lib/gcc/arm-none-eabi/7.2.1/thumb/v7e-m/fpv4-sp/hard/crtbegin.o
 .bss           0x2000002c      0x12c Middlewares/Third_Party/FreeRTOS/Source/tasks.o
                0x200000d8                pxCurrentTCB
 .bss           0x20000158        0x8 Middlewares/Third_Party/FreeRTOS/Source/portable/GCC/ARM_CM4F/port.o
 .bss           0x20000160     0x3c18 Middlewares/Third_Party/FreeRTOS/Source/portable/MemMang/heap_4.o
 .bss           0x20003d78        0x4 Src/main.o
                0x20003d78                xTaskHandle1
 *(.bss*)
 *(COMMON)
 COMMON         0x20003d7c        0x4 Drivers/STM32F4xx_HAL_Driver/Src/stm32f4xx_hal.o
                0x20003d7c                uwTick
 COMMON         0x20003d80        0x4 Src/freertos.o
                0x20003d80                defaultTaskHandle
 COMMON         0x20003d84       0x54 Src/i2c.o
                0x20003d84                hi2c1
 COMMON         0x20003dd8       0x40 Src/stm32f4xx_hal_timebase_tim.o
                0x20003dd8                htim1
 COMMON         0x20003e18       0x80 Src/usart.o
                0x20003e18                huart1
                0x20003e58                huart6
                0x20003e98                . = ALIGN (0x4)
                0x20003e98                _ebss = .
                0x20003e98                __bss_end__ = _ebss

._user_heap_stack
                0x20003e98      0x600 load address 0x08002918
                0x20003e98                . = ALIGN (0x8)
                0x20003e98                PROVIDE (end, .)
                [!provide]                PROVIDE (_end, .)
                0x20004098                . = (. + _Min_Heap_Size)
 *fill*         0x20003e98      0x200 
                0x20004498                . = (. + _Min_Stack_Size)
 *fill*         0x20004098      0x400 
                0x20004498                . = ALIGN (0x8)

/DISCARD/
 libc.a(*)
 libm.a(*)
 libgcc.a(*)

.ARM.attributes
                0x00000000       0x30
 *(.ARM.attributes)
 .ARM.attributes
                0x00000000       0x22 c:/ac6/systemworkbench/plugins/fr.ac6.mcu.externaltools.arm-none.win32_1.16.0.201807130628/tools/compiler/bin/../lib/gcc/arm-none-eabi/7.2.1/thumb/v7e-m/fpv4-sp/hard/crti.o
 .ARM.attributes
                0x00000022       0x34 c:/ac6/systemworkbench/plugins/fr.ac6.mcu.externaltools.arm-none.win32_1.16.0.201807130628/tools/compiler/bin/../lib/gcc/arm-none-eabi/7.2.1/thumb/v7e-m/fpv4-sp/hard/crtbegin.o
 .ARM.attributes
                0x00000056       0x39 Drivers/STM32F4xx_HAL_Driver/Src/stm32f4xx_hal.o
 .ARM.attributes
                0x0000008f       0x39 Drivers/STM32F4xx_HAL_Driver/Src/stm32f4xx_hal_cortex.o
 .ARM.attributes
                0x000000c8       0x39 Drivers/STM32F4xx_HAL_Driver/Src/stm32f4xx_hal_gpio.o
 .ARM.attributes
                0x00000101       0x39 Drivers/STM32F4xx_HAL_Driver/Src/stm32f4xx_hal_i2c.o
 .ARM.attributes
                0x0000013a       0x39 Drivers/STM32F4xx_HAL_Driver/Src/stm32f4xx_hal_rcc.o
 .ARM.attributes
                0x00000173       0x39 Drivers/STM32F4xx_HAL_Driver/Src/stm32f4xx_hal_tim.o
 .ARM.attributes
                0x000001ac       0x39 Drivers/STM32F4xx_HAL_Driver/Src/stm32f4xx_hal_tim_ex.o
 .ARM.attributes
                0x000001e5       0x39 Drivers/STM32F4xx_HAL_Driver/Src/stm32f4xx_hal_uart.o
 .ARM.attributes
                0x0000021e       0x39 Middlewares/Third_Party/FreeRTOS/Source/CMSIS_RTOS/cmsis_os.o
 .ARM.attributes
                0x00000257       0x39 Middlewares/Third_Party/FreeRTOS/Source/list.o
 .ARM.attributes
                0x00000290       0x39 Middlewares/Third_Party/FreeRTOS/Source/tasks.o
 .ARM.attributes
                0x000002c9       0x39 Middlewares/Third_Party/FreeRTOS/Source/portable/GCC/ARM_CM4F/port.o
 .ARM.attributes
                0x00000302       0x39 Middlewares/Third_Party/FreeRTOS/Source/portable/MemMang/heap_4.o
 .ARM.attributes
                0x0000033b       0x39 Src/freertos.o
 .ARM.attributes
                0x00000374       0x39 Src/gpio.o
 .ARM.attributes
                0x000003ad       0x39 Src/i2c.o
 .ARM.attributes
                0x000003e6       0x39 Src/main.o
 .ARM.attributes
                0x0000041f       0x39 Src/stm32f4xx_hal_msp.o
 .ARM.attributes
                0x00000458       0x39 Src/stm32f4xx_hal_timebase_tim.o
 .ARM.attributes
                0x00000491       0x39 Src/stm32f4xx_it.o
 .ARM.attributes
                0x000004ca       0x39 Src/system_stm32f4xx.o
 .ARM.attributes
                0x00000503       0x39 Src/usart.o
 .ARM.attributes
                0x0000053c       0x21 startup/startup_stm32f411xe.o
 .ARM.attributes
                0x0000055d       0x22 c:/ac6/systemworkbench/plugins/fr.ac6.mcu.externaltools.arm-none.win32_1.16.0.201807130628/tools/compiler/bin/../lib/gcc/arm-none-eabi/7.2.1/thumb/v7e-m/fpv4-sp/hard\libgcc.a(_aeabi_uldivmod.o)
 .ARM.attributes
                0x0000057f       0x34 c:/ac6/systemworkbench/plugins/fr.ac6.mcu.externaltools.arm-none.win32_1.16.0.201807130628/tools/compiler/bin/../lib/gcc/arm-none-eabi/7.2.1/thumb/v7e-m/fpv4-sp/hard\libgcc.a(_udivmoddi4.o)
 .ARM.attributes
                0x000005b3       0x22 c:/ac6/systemworkbench/plugins/fr.ac6.mcu.externaltools.arm-none.win32_1.16.0.201807130628/tools/compiler/bin/../lib/gcc/arm-none-eabi/7.2.1/thumb/v7e-m/fpv4-sp/hard\libgcc.a(_dvmd_tls.o)
 .ARM.attributes
                0x000005d5       0x34 c:/ac6/systemworkbench/plugins/fr.ac6.mcu.externaltools.arm-none.win32_1.16.0.201807130628/tools/compiler/bin/../lib/gcc/arm-none-eabi/7.2.1/../../../../arm-none-eabi/lib/thumb/v7e-m/fpv4-sp/hard\libc_nano.a(lib_a-init.o)
 .ARM.attributes
                0x00000609       0x22 c:/ac6/systemworkbench/plugins/fr.ac6.mcu.externaltools.arm-none.win32_1.16.0.201807130628/tools/compiler/bin/../lib/gcc/arm-none-eabi/7.2.1/thumb/v7e-m/fpv4-sp/hard/crtn.o
OUTPUT(RTOS1_2019_UART1.elf elf32-littlearm)

.debug_info     0x00000000    0x19c6b
 .debug_info    0x00000000      0x988 Drivers/STM32F4xx_HAL_Driver/Src/stm32f4xx_hal.o
 .debug_info    0x00000988      0xea8 Drivers/STM32F4xx_HAL_Driver/Src/stm32f4xx_hal_cortex.o
 .debug_info    0x00001830      0x79f Drivers/STM32F4xx_HAL_Driver/Src/stm32f4xx_hal_gpio.o
 .debug_info    0x00001fcf     0x3bcb Drivers/STM32F4xx_HAL_Driver/Src/stm32f4xx_hal_i2c.o
 .debug_info    0x00005b9a      0xa9f Drivers/STM32F4xx_HAL_Driver/Src/stm32f4xx_hal_rcc.o
 .debug_info    0x00006639     0x3e3b Drivers/STM32F4xx_HAL_Driver/Src/stm32f4xx_hal_tim.o
 .debug_info    0x0000a474     0x1510 Drivers/STM32F4xx_HAL_Driver/Src/stm32f4xx_hal_tim_ex.o
 .debug_info    0x0000b984     0x1a63 Drivers/STM32F4xx_HAL_Driver/Src/stm32f4xx_hal_uart.o
 .debug_info    0x0000d3e7     0x298e Middlewares/Third_Party/FreeRTOS/Source/CMSIS_RTOS/cmsis_os.o
 .debug_info    0x0000fd75      0xad0 Middlewares/Third_Party/FreeRTOS/Source/list.o
 .debug_info    0x00010845     0x30d6 Middlewares/Third_Party/FreeRTOS/Source/tasks.o
 .debug_info    0x0001391b      0x568 Middlewares/Third_Party/FreeRTOS/Source/portable/GCC/ARM_CM4F/port.o
 .debug_info    0x00013e83      0xcb7 Middlewares/Third_Party/FreeRTOS/Source/portable/MemMang/heap_4.o
 .debug_info    0x00014b3a      0x2a3 Src/freertos.o
 .debug_info    0x00014ddd      0x508 Src/gpio.o
 .debug_info    0x000152e5      0xa40 Src/i2c.o
 .debug_info    0x00015d25     0x191b Src/main.o
 .debug_info    0x00017640      0x4fc Src/stm32f4xx_hal_msp.o
 .debug_info    0x00017b3c      0xb35 Src/stm32f4xx_hal_timebase_tim.o
 .debug_info    0x00018671      0x67b Src/stm32f4xx_it.o
 .debug_info    0x00018cec      0x531 Src/system_stm32f4xx.o
 .debug_info    0x0001921d      0xa2c Src/usart.o
 .debug_info    0x00019c49       0x22 startup/startup_stm32f411xe.o

.debug_abbrev   0x00000000     0x37cd
 .debug_abbrev  0x00000000      0x26f Drivers/STM32F4xx_HAL_Driver/Src/stm32f4xx_hal.o
 .debug_abbrev  0x0000026f      0x320 Drivers/STM32F4xx_HAL_Driver/Src/stm32f4xx_hal_cortex.o
 .debug_abbrev  0x0000058f      0x203 Drivers/STM32F4xx_HAL_Driver/Src/stm32f4xx_hal_gpio.o
 .debug_abbrev  0x00000792      0x399 Drivers/STM32F4xx_HAL_Driver/Src/stm32f4xx_hal_i2c.o
 .debug_abbrev  0x00000b2b      0x2c3 Drivers/STM32F4xx_HAL_Driver/Src/stm32f4xx_hal_rcc.o
 .debug_abbrev  0x00000dee      0x349 Drivers/STM32F4xx_HAL_Driver/Src/stm32f4xx_hal_tim.o
 .debug_abbrev  0x00001137      0x2f9 Drivers/STM32F4xx_HAL_Driver/Src/stm32f4xx_hal_tim_ex.o
 .debug_abbrev  0x00001430      0x334 Drivers/STM32F4xx_HAL_Driver/Src/stm32f4xx_hal_uart.o
 .debug_abbrev  0x00001764      0x4ab Middlewares/Third_Party/FreeRTOS/Source/CMSIS_RTOS/cmsis_os.o
 .debug_abbrev  0x00001c0f      0x223 Middlewares/Third_Party/FreeRTOS/Source/list.o
 .debug_abbrev  0x00001e32      0x4a7 Middlewares/Third_Party/FreeRTOS/Source/tasks.o
 .debug_abbrev  0x000022d9      0x22c Middlewares/Third_Party/FreeRTOS/Source/portable/GCC/ARM_CM4F/port.o
 .debug_abbrev  0x00002505      0x356 Middlewares/Third_Party/FreeRTOS/Source/portable/MemMang/heap_4.o
 .debug_abbrev  0x0000285b      0x160 Src/freertos.o
 .debug_abbrev  0x000029bb      0x16b Src/gpio.o
 .debug_abbrev  0x00002b26      0x1e3 Src/i2c.o
 .debug_abbrev  0x00002d09      0x2c1 Src/main.o
 .debug_abbrev  0x00002fca      0x136 Src/stm32f4xx_hal_msp.o
 .debug_abbrev  0x00003100      0x1fd Src/stm32f4xx_hal_timebase_tim.o
 .debug_abbrev  0x000032fd      0x1ba Src/stm32f4xx_it.o
 .debug_abbrev  0x000034b7      0x111 Src/system_stm32f4xx.o
 .debug_abbrev  0x000035c8      0x1f3 Src/usart.o
 .debug_abbrev  0x000037bb       0x12 startup/startup_stm32f411xe.o

.debug_loc      0x00000000    0x10a98
 .debug_loc     0x00000000      0x10d Drivers/STM32F4xx_HAL_Driver/Src/stm32f4xx_hal.o
 .debug_loc     0x0000010d      0x5c9 Drivers/STM32F4xx_HAL_Driver/Src/stm32f4xx_hal_cortex.o
 .debug_loc     0x000006d6      0x460 Drivers/STM32F4xx_HAL_Driver/Src/stm32f4xx_hal_gpio.o
 .debug_loc     0x00000b36     0x4649 Drivers/STM32F4xx_HAL_Driver/Src/stm32f4xx_hal_i2c.o
 .debug_loc     0x0000517f      0x3d0 Drivers/STM32F4xx_HAL_Driver/Src/stm32f4xx_hal_rcc.o
 .debug_loc     0x0000554f     0x54ed Drivers/STM32F4xx_HAL_Driver/Src/stm32f4xx_hal_tim.o
 .debug_loc     0x0000aa3c     0x115e Drivers/STM32F4xx_HAL_Driver/Src/stm32f4xx_hal_tim_ex.o
 .debug_loc     0x0000bb9a     0x1692 Drivers/STM32F4xx_HAL_Driver/Src/stm32f4xx_hal_uart.o
 .debug_loc     0x0000d22c     0x12fc Middlewares/Third_Party/FreeRTOS/Source/CMSIS_RTOS/cmsis_os.o
 .debug_loc     0x0000e528       0x69 Middlewares/Third_Party/FreeRTOS/Source/list.o
 .debug_loc     0x0000e591     0x1dfe Middlewares/Third_Party/FreeRTOS/Source/tasks.o
 .debug_loc     0x0001038f       0xd5 Middlewares/Third_Party/FreeRTOS/Source/portable/GCC/ARM_CM4F/port.o
 .debug_loc     0x00010464      0x355 Middlewares/Third_Party/FreeRTOS/Source/portable/MemMang/heap_4.o
 .debug_loc     0x000107b9       0x21 Src/freertos.o
 .debug_loc     0x000107da       0x42 Src/i2c.o
 .debug_loc     0x0001081c       0x42 Src/main.o
 .debug_loc     0x0001085e       0x7a Src/stm32f4xx_hal_timebase_tim.o
 .debug_loc     0x000108d8      0x14c Src/system_stm32f4xx.o
 .debug_loc     0x00010a24       0x74 Src/usart.o

.debug_aranges  0x00000000      0xe70
 .debug_aranges
                0x00000000       0xe8 Drivers/STM32F4xx_HAL_Driver/Src/stm32f4xx_hal.o
 .debug_aranges
                0x000000e8       0xa8 Drivers/STM32F4xx_HAL_Driver/Src/stm32f4xx_hal_cortex.o
 .debug_aranges
                0x00000190       0x58 Drivers/STM32F4xx_HAL_Driver/Src/stm32f4xx_hal_gpio.o
 .debug_aranges
                0x000001e8      0x178 Drivers/STM32F4xx_HAL_Driver/Src/stm32f4xx_hal_i2c.o
 .debug_aranges
                0x00000360       0x88 Drivers/STM32F4xx_HAL_Driver/Src/stm32f4xx_hal_rcc.o
 .debug_aranges
                0x000003e8      0x258 Drivers/STM32F4xx_HAL_Driver/Src/stm32f4xx_hal_tim.o
 .debug_aranges
                0x00000640       0xf0 Drivers/STM32F4xx_HAL_Driver/Src/stm32f4xx_hal_tim_ex.o
 .debug_aranges
                0x00000730      0x158 Drivers/STM32F4xx_HAL_Driver/Src/stm32f4xx_hal_uart.o
 .debug_aranges
                0x00000888      0x198 Middlewares/Third_Party/FreeRTOS/Source/CMSIS_RTOS/cmsis_os.o
 .debug_aranges
                0x00000a20       0x40 Middlewares/Third_Party/FreeRTOS/Source/list.o
 .debug_aranges
                0x00000a60      0x170 Middlewares/Third_Party/FreeRTOS/Source/tasks.o
 .debug_aranges
                0x00000bd0       0x80 Middlewares/Third_Party/FreeRTOS/Source/portable/GCC/ARM_CM4F/port.o
 .debug_aranges
                0x00000c50       0x48 Middlewares/Third_Party/FreeRTOS/Source/portable/MemMang/heap_4.o
 .debug_aranges
                0x00000c98       0x28 Src/freertos.o
 .debug_aranges
                0x00000cc0       0x20 Src/gpio.o
 .debug_aranges
                0x00000ce0       0x30 Src/i2c.o
 .debug_aranges
                0x00000d10       0x40 Src/main.o
 .debug_aranges
                0x00000d50       0x20 Src/stm32f4xx_hal_msp.o
 .debug_aranges
                0x00000d70       0x30 Src/stm32f4xx_hal_timebase_tim.o
 .debug_aranges
                0x00000da0       0x48 Src/stm32f4xx_it.o
 .debug_aranges
                0x00000de8       0x28 Src/system_stm32f4xx.o
 .debug_aranges
                0x00000e10       0x38 Src/usart.o
 .debug_aranges
                0x00000e48       0x28 startup/startup_stm32f411xe.o

.debug_ranges   0x00000000     0x2420
 .debug_ranges  0x00000000       0xd8 Drivers/STM32F4xx_HAL_Driver/Src/stm32f4xx_hal.o
 .debug_ranges  0x000000d8      0x138 Drivers/STM32F4xx_HAL_Driver/Src/stm32f4xx_hal_cortex.o
 .debug_ranges  0x00000210       0x60 Drivers/STM32F4xx_HAL_Driver/Src/stm32f4xx_hal_gpio.o
 .debug_ranges  0x00000270      0xb98 Drivers/STM32F4xx_HAL_Driver/Src/stm32f4xx_hal_i2c.o
 .debug_ranges  0x00000e08      0x100 Drivers/STM32F4xx_HAL_Driver/Src/stm32f4xx_hal_rcc.o
 .debug_ranges  0x00000f08      0x6c0 Drivers/STM32F4xx_HAL_Driver/Src/stm32f4xx_hal_tim.o
 .debug_ranges  0x000015c8       0xe0 Drivers/STM32F4xx_HAL_Driver/Src/stm32f4xx_hal_tim_ex.o
 .debug_ranges  0x000016a8      0x310 Drivers/STM32F4xx_HAL_Driver/Src/stm32f4xx_hal_uart.o
 .debug_ranges  0x000019b8      0x2f0 Middlewares/Third_Party/FreeRTOS/Source/CMSIS_RTOS/cmsis_os.o
 .debug_ranges  0x00001ca8       0x30 Middlewares/Third_Party/FreeRTOS/Source/list.o
 .debug_ranges  0x00001cd8      0x420 Middlewares/Third_Party/FreeRTOS/Source/tasks.o
 .debug_ranges  0x000020f8       0xa8 Middlewares/Third_Party/FreeRTOS/Source/portable/GCC/ARM_CM4F/port.o
 .debug_ranges  0x000021a0       0x38 Middlewares/Third_Party/FreeRTOS/Source/portable/MemMang/heap_4.o
 .debug_ranges  0x000021d8       0x18 Src/freertos.o
 .debug_ranges  0x000021f0       0x48 Src/gpio.o
 .debug_ranges  0x00002238       0x40 Src/i2c.o
 .debug_ranges  0x00002278       0x70 Src/main.o
 .debug_ranges  0x000022e8       0x10 Src/stm32f4xx_hal_msp.o
 .debug_ranges  0x000022f8       0x48 Src/stm32f4xx_hal_timebase_tim.o
 .debug_ranges  0x00002340       0x38 Src/stm32f4xx_it.o
 .debug_ranges  0x00002378       0x18 Src/system_stm32f4xx.o
 .debug_ranges  0x00002390       0x70 Src/usart.o
 .debug_ranges  0x00002400       0x20 startup/startup_stm32f411xe.o

.debug_macro    0x00000000    0x1899e
 .debug_macro   0x00000000      0x247 Drivers/STM32F4xx_HAL_Driver/Src/stm32f4xx_hal.o
 .debug_macro   0x00000247      0xa60 Drivers/STM32F4xx_HAL_Driver/Src/stm32f4xx_hal.o
 .debug_macro   0x00000ca7      0x192 Drivers/STM32F4xx_HAL_Driver/Src/stm32f4xx_hal.o
 .debug_macro   0x00000e39       0x32 Drivers/STM32F4xx_HAL_Driver/Src/stm32f4xx_hal.o
 .debug_macro   0x00000e6b       0x28 Drivers/STM32F4xx_HAL_Driver/Src/stm32f4xx_hal.o
 .debug_macro   0x00000e93       0x22 Drivers/STM32F4xx_HAL_Driver/Src/stm32f4xx_hal.o
 .debug_macro   0x00000eb5       0x87 Drivers/STM32F4xx_HAL_Driver/Src/stm32f4xx_hal.o
 .debug_macro   0x00000f3c       0x51 Drivers/STM32F4xx_HAL_Driver/Src/stm32f4xx_hal.o
 .debug_macro   0x00000f8d       0xef Drivers/STM32F4xx_HAL_Driver/Src/stm32f4xx_hal.o
 .debug_macro   0x0000107c       0x6a Drivers/STM32F4xx_HAL_Driver/Src/stm32f4xx_hal.o
 .debug_macro   0x000010e6      0x1df Drivers/STM32F4xx_HAL_Driver/Src/stm32f4xx_hal.o
 .debug_macro   0x000012c5       0x1c Drivers/STM32F4xx_HAL_Driver/Src/stm32f4xx_hal.o
 .debug_macro   0x000012e1       0x22 Drivers/STM32F4xx_HAL_Driver/Src/stm32f4xx_hal.o
 .debug_macro   0x00001303       0xdf Drivers/STM32F4xx_HAL_Driver/Src/stm32f4xx_hal.o
 .debug_macro   0x000013e2     0x102d Drivers/STM32F4xx_HAL_Driver/Src/stm32f4xx_hal.o
 .debug_macro   0x0000240f      0x11f Drivers/STM32F4xx_HAL_Driver/Src/stm32f4xx_hal.o
 .debug_macro   0x0000252e     0xb93e Drivers/STM32F4xx_HAL_Driver/Src/stm32f4xx_hal.o
 .debug_macro   0x0000de6c       0x43 Drivers/STM32F4xx_HAL_Driver/Src/stm32f4xx_hal.o
 .debug_macro   0x0000deaf     0x35d4 Drivers/STM32F4xx_HAL_Driver/Src/stm32f4xx_hal.o
 .debug_macro   0x00011483      0x174 Drivers/STM32F4xx_HAL_Driver/Src/stm32f4xx_hal.o
 .debug_macro   0x000115f7       0x4e Drivers/STM32F4xx_HAL_Driver/Src/stm32f4xx_hal.o
 .debug_macro   0x00011645      0x447 Drivers/STM32F4xx_HAL_Driver/Src/stm32f4xx_hal.o
 .debug_macro   0x00011a8c      0x9fe Drivers/STM32F4xx_HAL_Driver/Src/stm32f4xx_hal.o
 .debug_macro   0x0001248a       0xed Drivers/STM32F4xx_HAL_Driver/Src/stm32f4xx_hal.o
 .debug_macro   0x00012577      0x117 Drivers/STM32F4xx_HAL_Driver/Src/stm32f4xx_hal.o
 .debug_macro   0x0001268e      0x11b Drivers/STM32F4xx_HAL_Driver/Src/stm32f4xx_hal.o
 .debug_macro   0x000127a9       0x27 Drivers/STM32F4xx_HAL_Driver/Src/stm32f4xx_hal.o
 .debug_macro   0x000127d0      0x287 Drivers/STM32F4xx_HAL_Driver/Src/stm32f4xx_hal.o
 .debug_macro   0x00012a57       0x5f Drivers/STM32F4xx_HAL_Driver/Src/stm32f4xx_hal.o
 .debug_macro   0x00012ab6      0x236 Drivers/STM32F4xx_HAL_Driver/Src/stm32f4xx_hal.o
 .debug_macro   0x00012cec      0x132 Drivers/STM32F4xx_HAL_Driver/Src/stm32f4xx_hal.o
 .debug_macro   0x00012e1e      0x264 Drivers/STM32F4xx_HAL_Driver/Src/stm32f4xx_hal.o
 .debug_macro   0x00013082       0x2e Drivers/STM32F4xx_HAL_Driver/Src/stm32f4xx_hal.o
 .debug_macro   0x000130b0      0x1ae Drivers/STM32F4xx_HAL_Driver/Src/stm32f4xx_hal.o
 .debug_macro   0x0001325e       0x22 Drivers/STM32F4xx_HAL_Driver/Src/stm32f4xx_hal.o
 .debug_macro   0x00013280       0xd6 Drivers/STM32F4xx_HAL_Driver/Src/stm32f4xx_hal.o
 .debug_macro   0x00013356      0x11a Drivers/STM32F4xx_HAL_Driver/Src/stm32f4xx_hal.o
 .debug_macro   0x00013470       0x85 Drivers/STM32F4xx_HAL_Driver/Src/stm32f4xx_hal.o
 .debug_macro   0x000134f5       0x89 Drivers/STM32F4xx_HAL_Driver/Src/stm32f4xx_hal.o
 .debug_macro   0x0001357e      0x87d Drivers/STM32F4xx_HAL_Driver/Src/stm32f4xx_hal.o
 .debug_macro   0x00013dfb       0x47 Drivers/STM32F4xx_HAL_Driver/Src/stm32f4xx_hal.o
 .debug_macro   0x00013e42      0x287 Drivers/STM32F4xx_HAL_Driver/Src/stm32f4xx_hal.o
 .debug_macro   0x000140c9      0x126 Drivers/STM32F4xx_HAL_Driver/Src/stm32f4xx_hal.o
 .debug_macro   0x000141ef      0x1e7 Drivers/STM32F4xx_HAL_Driver/Src/stm32f4xx_hal_cortex.o
 .debug_macro   0x000143d6      0x21d Drivers/STM32F4xx_HAL_Driver/Src/stm32f4xx_hal_gpio.o
 .debug_macro   0x000145f3      0x227 Drivers/STM32F4xx_HAL_Driver/Src/stm32f4xx_hal_i2c.o
 .debug_macro   0x0001481a      0x20b Drivers/STM32F4xx_HAL_Driver/Src/stm32f4xx_hal_rcc.o
 .debug_macro   0x00014a25      0x1e8 Drivers/STM32F4xx_HAL_Driver/Src/stm32f4xx_hal_tim.o
 .debug_macro   0x00014c0d      0x1e7 Drivers/STM32F4xx_HAL_Driver/Src/stm32f4xx_hal_tim_ex.o
 .debug_macro   0x00014df4      0x1e8 Drivers/STM32F4xx_HAL_Driver/Src/stm32f4xx_hal_uart.o
 .debug_macro   0x00014fdc      0x1ec Middlewares/Third_Party/FreeRTOS/Source/CMSIS_RTOS/cmsis_os.o
 .debug_macro   0x000151c8       0x52 Middlewares/Third_Party/FreeRTOS/Source/CMSIS_RTOS/cmsis_os.o
 .debug_macro   0x0001521a       0x17 Middlewares/Third_Party/FreeRTOS/Source/CMSIS_RTOS/cmsis_os.o
 .debug_macro   0x00015231       0x8d Middlewares/Third_Party/FreeRTOS/Source/CMSIS_RTOS/cmsis_os.o
 .debug_macro   0x000152be       0x35 Middlewares/Third_Party/FreeRTOS/Source/CMSIS_RTOS/cmsis_os.o
 .debug_macro   0x000152f3       0x9c Middlewares/Third_Party/FreeRTOS/Source/CMSIS_RTOS/cmsis_os.o
 .debug_macro   0x0001538f       0x57 Middlewares/Third_Party/FreeRTOS/Source/CMSIS_RTOS/cmsis_os.o
 .debug_macro   0x000153e6       0x58 Middlewares/Third_Party/FreeRTOS/Source/CMSIS_RTOS/cmsis_os.o
 .debug_macro   0x0001543e       0x1f Middlewares/Third_Party/FreeRTOS/Source/CMSIS_RTOS/cmsis_os.o
 .debug_macro   0x0001545d       0x43 Middlewares/Third_Party/FreeRTOS/Source/CMSIS_RTOS/cmsis_os.o
 .debug_macro   0x000154a0       0x20 Middlewares/Third_Party/FreeRTOS/Source/CMSIS_RTOS/cmsis_os.o
 .debug_macro   0x000154c0      0x18e Middlewares/Third_Party/FreeRTOS/Source/CMSIS_RTOS/cmsis_os.o
 .debug_macro   0x0001564e      0x330 Middlewares/Third_Party/FreeRTOS/Source/CMSIS_RTOS/cmsis_os.o
 .debug_macro   0x0001597e       0x10 Middlewares/Third_Party/FreeRTOS/Source/CMSIS_RTOS/cmsis_os.o
 .debug_macro   0x0001598e       0x35 Middlewares/Third_Party/FreeRTOS/Source/CMSIS_RTOS/cmsis_os.o
 .debug_macro   0x000159c3       0xdc Middlewares/Third_Party/FreeRTOS/Source/CMSIS_RTOS/cmsis_os.o
 .debug_macro   0x00015a9f      0x15a Middlewares/Third_Party/FreeRTOS/Source/CMSIS_RTOS/cmsis_os.o
 .debug_macro   0x00015bf9       0xd7 Middlewares/Third_Party/FreeRTOS/Source/CMSIS_RTOS/cmsis_os.o
 .debug_macro   0x00015cd0       0x10 Middlewares/Third_Party/FreeRTOS/Source/CMSIS_RTOS/cmsis_os.o
 .debug_macro   0x00015ce0       0x1f Middlewares/Third_Party/FreeRTOS/Source/CMSIS_RTOS/cmsis_os.o
 .debug_macro   0x00015cff      0x4b0 Middlewares/Third_Party/FreeRTOS/Source/CMSIS_RTOS/cmsis_os.o
 .debug_macro   0x000161af       0xb5 Middlewares/Third_Party/FreeRTOS/Source/CMSIS_RTOS/cmsis_os.o
 .debug_macro   0x00016264       0x8c Middlewares/Third_Party/FreeRTOS/Source/CMSIS_RTOS/cmsis_os.o
 .debug_macro   0x000162f0       0x91 Middlewares/Third_Party/FreeRTOS/Source/CMSIS_RTOS/cmsis_os.o
 .debug_macro   0x00016381       0x86 Middlewares/Third_Party/FreeRTOS/Source/CMSIS_RTOS/cmsis_os.o
 .debug_macro   0x00016407       0x69 Middlewares/Third_Party/FreeRTOS/Source/CMSIS_RTOS/cmsis_os.o
 .debug_macro   0x00016470       0x19 Middlewares/Third_Party/FreeRTOS/Source/CMSIS_RTOS/cmsis_os.o
 .debug_macro   0x00016489       0xcf Middlewares/Third_Party/FreeRTOS/Source/CMSIS_RTOS/cmsis_os.o
 .debug_macro   0x00016558       0xc7 Middlewares/Third_Party/FreeRTOS/Source/CMSIS_RTOS/cmsis_os.o
 .debug_macro   0x0001661f      0x17a Middlewares/Third_Party/FreeRTOS/Source/list.o
 .debug_macro   0x00016799      0x26e Middlewares/Third_Party/FreeRTOS/Source/tasks.o
 .debug_macro   0x00016a07       0x10 Middlewares/Third_Party/FreeRTOS/Source/tasks.o
 .debug_macro   0x00016a17      0x196 Middlewares/Third_Party/FreeRTOS/Source/portable/GCC/ARM_CM4F/port.o
 .debug_macro   0x00016bad      0x1a1 Middlewares/Third_Party/FreeRTOS/Source/portable/MemMang/heap_4.o
 .debug_macro   0x00016d4e      0x2a4 Src/freertos.o
 .debug_macro   0x00016ff2      0x1fb Src/gpio.o
 .debug_macro   0x000171ed      0x1fb Src/i2c.o
 .debug_macro   0x000173e8      0x416 Src/main.o
 .debug_macro   0x000177fe       0x16 Src/main.o
 .debug_macro   0x00017814       0x97 Src/main.o
 .debug_macro   0x000178ab       0xfd Src/main.o
 .debug_macro   0x000179a8       0x10 Src/main.o
 .debug_macro   0x000179b8       0x10 Src/main.o
 .debug_macro   0x000179c8       0x1c Src/main.o
 .debug_macro   0x000179e4       0x52 Src/main.o
 .debug_macro   0x00017a36       0x40 Src/main.o
 .debug_macro   0x00017a76       0x10 Src/main.o
 .debug_macro   0x00017a86       0x40 Src/main.o
 .debug_macro   0x00017ac6       0xd7 Src/main.o
 .debug_macro   0x00017b9d       0x1c Src/main.o
 .debug_macro   0x00017bb9       0x3d Src/main.o
 .debug_macro   0x00017bf6       0x16 Src/main.o
 .debug_macro   0x00017c0c      0x16f Src/main.o
 .debug_macro   0x00017d7b       0xd9 Src/main.o
 .debug_macro   0x00017e54       0xdc Src/main.o
 .debug_macro   0x00017f30      0x1f1 Src/stm32f4xx_hal_msp.o
 .debug_macro   0x00018121      0x1e7 Src/stm32f4xx_hal_timebase_tim.o
 .debug_macro   0x00018308      0x2ae Src/stm32f4xx_it.o
 .debug_macro   0x000185b6      0x1ed Src/system_stm32f4xx.o
 .debug_macro   0x000187a3      0x1fb Src/usart.o

.debug_line     0x00000000    0x10065
 .debug_line    0x00000000      0x919 Drivers/STM32F4xx_HAL_Driver/Src/stm32f4xx_hal.o
 .debug_line    0x00000919      0x9a7 Drivers/STM32F4xx_HAL_Driver/Src/stm32f4xx_hal_cortex.o
 .debug_line    0x000012c0      0x8fe Drivers/STM32F4xx_HAL_Driver/Src/stm32f4xx_hal_gpio.o
 .debug_line    0x00001bbe     0x22f7 Drivers/STM32F4xx_HAL_Driver/Src/stm32f4xx_hal_i2c.o
 .debug_line    0x00003eb5      0xa25 Drivers/STM32F4xx_HAL_Driver/Src/stm32f4xx_hal_rcc.o
 .debug_line    0x000048da     0x1d65 Drivers/STM32F4xx_HAL_Driver/Src/stm32f4xx_hal_tim.o
 .debug_line    0x0000663f      0xcca Drivers/STM32F4xx_HAL_Driver/Src/stm32f4xx_hal_tim_ex.o
 .debug_line    0x00007309     0x1341 Drivers/STM32F4xx_HAL_Driver/Src/stm32f4xx_hal_uart.o
 .debug_line    0x0000864a      0xd6a Middlewares/Third_Party/FreeRTOS/Source/CMSIS_RTOS/cmsis_os.o
 .debug_line    0x000093b4      0x5a7 Middlewares/Third_Party/FreeRTOS/Source/list.o
 .debug_line    0x0000995b     0x103d Middlewares/Third_Party/FreeRTOS/Source/tasks.o
 .debug_line    0x0000a998      0x66e Middlewares/Third_Party/FreeRTOS/Source/portable/GCC/ARM_CM4F/port.o
 .debug_line    0x0000b006      0x63e Middlewares/Third_Party/FreeRTOS/Source/portable/MemMang/heap_4.o
 .debug_line    0x0000b644      0x934 Src/freertos.o
 .debug_line    0x0000bf78      0x72d Src/gpio.o
 .debug_line    0x0000c6a5      0x76f Src/i2c.o
 .debug_line    0x0000ce14      0xadf Src/main.o
 .debug_line    0x0000d8f3      0x719 Src/stm32f4xx_hal_msp.o
 .debug_line    0x0000e00c      0x75f Src/stm32f4xx_hal_timebase_tim.o
 .debug_line    0x0000e76b      0x97c Src/stm32f4xx_it.o
 .debug_line    0x0000f0e7      0x750 Src/system_stm32f4xx.o
 .debug_line    0x0000f837      0x7af Src/usart.o
 .debug_line    0x0000ffe6       0x7f startup/startup_stm32f411xe.o

.debug_str      0x00000000    0x95d87
 .debug_str     0x00000000    0x86902 Drivers/STM32F4xx_HAL_Driver/Src/stm32f4xx_hal.o
                              0x86c7c (size before relaxing)
 .debug_str     0x00086902      0x398 Drivers/STM32F4xx_HAL_Driver/Src/stm32f4xx_hal_cortex.o
                              0x869a0 (size before relaxing)
 .debug_str     0x00086c9a      0x28c Drivers/STM32F4xx_HAL_Driver/Src/stm32f4xx_hal_gpio.o
                              0x8648d (size before relaxing)
 .debug_str     0x00086f26      0xf54 Drivers/STM32F4xx_HAL_Driver/Src/stm32f4xx_hal_i2c.o
                              0x871c7 (size before relaxing)
 .debug_str     0x00087e7a      0x364 Drivers/STM32F4xx_HAL_Driver/Src/stm32f4xx_hal_rcc.o
                              0x86657 (size before relaxing)
 .debug_str     0x000881de      0xf2f Drivers/STM32F4xx_HAL_Driver/Src/stm32f4xx_hal_tim.o
                              0x8739b (size before relaxing)
 .debug_str     0x0008910d      0x4d4 Drivers/STM32F4xx_HAL_Driver/Src/stm32f4xx_hal_tim_ex.o
                              0x86bb3 (size before relaxing)
 .debug_str     0x000895e1      0x6c9 Drivers/STM32F4xx_HAL_Driver/Src/stm32f4xx_hal_uart.o
                              0x86ae6 (size before relaxing)
 .debug_str     0x00089caa     0x8d9c Middlewares/Third_Party/FreeRTOS/Source/CMSIS_RTOS/cmsis_os.o
                               0xd65d (size before relaxing)
 .debug_str     0x00092a46      0x234 Middlewares/Third_Party/FreeRTOS/Source/list.o
                               0xa267 (size before relaxing)
 .debug_str     0x00092c7a     0x11a8 Middlewares/Third_Party/FreeRTOS/Source/tasks.o
                               0xc3fd (size before relaxing)
 .debug_str     0x00093e22      0x783 Middlewares/Third_Party/FreeRTOS/Source/portable/GCC/ARM_CM4F/port.o
                               0x8223 (size before relaxing)
 .debug_str     0x000945a5      0x243 Middlewares/Third_Party/FreeRTOS/Source/portable/MemMang/heap_4.o
                               0xa9a9 (size before relaxing)
 .debug_str     0x000947e8       0x6a Src/freertos.o
                              0x8b839 (size before relaxing)
 .debug_str     0x00094852       0x25 Src/gpio.o
                              0x8627d (size before relaxing)
 .debug_str     0x00094877       0x41 Src/i2c.o
                              0x867af (size before relaxing)
 .debug_str     0x000948b8     0x131a Src/main.o
                              0x9021c (size before relaxing)
 .debug_str     0x00095bd2       0x1b Src/stm32f4xx_hal_msp.o
                              0x8656d (size before relaxing)
 .debug_str     0x00095bed       0x50 Src/stm32f4xx_hal_timebase_tim.o
                              0x86ae3 (size before relaxing)
 .debug_str     0x00095c3d       0xa6 Src/stm32f4xx_it.o
                              0x8bba5 (size before relaxing)
 .debug_str     0x00095ce3       0x5a Src/system_stm32f4xx.o
                              0x86249 (size before relaxing)
 .debug_str     0x00095d3d       0x1a Src/usart.o
                              0x866f2 (size before relaxing)
 .debug_str     0x00095d57       0x30 startup/startup_stm32f411xe.o
                                 0x68 (size before relaxing)

.comment        0x00000000       0x7e
 .comment       0x00000000       0x7e Drivers/STM32F4xx_HAL_Driver/Src/stm32f4xx_hal.o
                                 0x7f (size before relaxing)
 .comment       0x0000007e       0x7f Drivers/STM32F4xx_HAL_Driver/Src/stm32f4xx_hal_cortex.o
 .comment       0x0000007e       0x7f Drivers/STM32F4xx_HAL_Driver/Src/stm32f4xx_hal_gpio.o
 .comment       0x0000007e       0x7f Drivers/STM32F4xx_HAL_Driver/Src/stm32f4xx_hal_i2c.o
 .comment       0x0000007e       0x7f Drivers/STM32F4xx_HAL_Driver/Src/stm32f4xx_hal_rcc.o
 .comment       0x0000007e       0x7f Drivers/STM32F4xx_HAL_Driver/Src/stm32f4xx_hal_tim.o
 .comment       0x0000007e       0x7f Drivers/STM32F4xx_HAL_Driver/Src/stm32f4xx_hal_tim_ex.o
 .comment       0x0000007e       0x7f Drivers/STM32F4xx_HAL_Driver/Src/stm32f4xx_hal_uart.o
 .comment       0x0000007e       0x7f Middlewares/Third_Party/FreeRTOS/Source/CMSIS_RTOS/cmsis_os.o
 .comment       0x0000007e       0x7f Middlewares/Third_Party/FreeRTOS/Source/list.o
 .comment       0x0000007e       0x7f Middlewares/Third_Party/FreeRTOS/Source/tasks.o
 .comment       0x0000007e       0x7f Middlewares/Third_Party/FreeRTOS/Source/portable/GCC/ARM_CM4F/port.o
 .comment       0x0000007e       0x7f Middlewares/Third_Party/FreeRTOS/Source/portable/MemMang/heap_4.o
 .comment       0x0000007e       0x7f Src/freertos.o
 .comment       0x0000007e       0x7f Src/gpio.o
 .comment       0x0000007e       0x7f Src/i2c.o
 .comment       0x0000007e       0x7f Src/main.o
 .comment       0x0000007e       0x7f Src/stm32f4xx_hal_msp.o
 .comment       0x0000007e       0x7f Src/stm32f4xx_hal_timebase_tim.o
 .comment       0x0000007e       0x7f Src/stm32f4xx_it.o
 .comment       0x0000007e       0x7f Src/system_stm32f4xx.o
 .comment       0x0000007e       0x7f Src/usart.o

.debug_frame    0x00000000     0x3310
 .debug_frame   0x00000000      0x1f0 Drivers/STM32F4xx_HAL_Driver/Src/stm32f4xx_hal.o
 .debug_frame   0x000001f0      0x178 Drivers/STM32F4xx_HAL_Driver/Src/stm32f4xx_hal_cortex.o
 .debug_frame   0x00000368       0xe0 Drivers/STM32F4xx_HAL_Driver/Src/stm32f4xx_hal_gpio.o
 .debug_frame   0x00000448      0x864 Drivers/STM32F4xx_HAL_Driver/Src/stm32f4xx_hal_i2c.o
 .debug_frame   0x00000cac      0x174 Drivers/STM32F4xx_HAL_Driver/Src/stm32f4xx_hal_rcc.o
 .debug_frame   0x00000e20      0xaec Drivers/STM32F4xx_HAL_Driver/Src/stm32f4xx_hal_tim.o
 .debug_frame   0x0000190c      0x358 Drivers/STM32F4xx_HAL_Driver/Src/stm32f4xx_hal_tim_ex.o
 .debug_frame   0x00001c64      0x5a4 Drivers/STM32F4xx_HAL_Driver/Src/stm32f4xx_hal_uart.o
 .debug_frame   0x00002208      0x5a0 Middlewares/Third_Party/FreeRTOS/Source/CMSIS_RTOS/cmsis_os.o
 .debug_frame   0x000027a8       0x88 Middlewares/Third_Party/FreeRTOS/Source/list.o
 .debug_frame   0x00002830      0x564 Middlewares/Third_Party/FreeRTOS/Source/tasks.o
 .debug_frame   0x00002d94      0x124 Middlewares/Third_Party/FreeRTOS/Source/portable/GCC/ARM_CM4F/port.o
 .debug_frame   0x00002eb8       0xb0 Middlewares/Third_Party/FreeRTOS/Source/portable/MemMang/heap_4.o
 .debug_frame   0x00002f68       0x48 Src/freertos.o
 .debug_frame   0x00002fb0       0x30 Src/gpio.o
 .debug_frame   0x00002fe0       0x64 Src/i2c.o
 .debug_frame   0x00003044       0x80 Src/main.o
 .debug_frame   0x000030c4       0x28 Src/stm32f4xx_hal_msp.o
 .debug_frame   0x000030ec       0x58 Src/stm32f4xx_hal_timebase_tim.o
 .debug_frame   0x00003144       0x80 Src/stm32f4xx_it.o
 .debug_frame   0x000031c4       0x3c Src/system_stm32f4xx.o
 .debug_frame   0x00003200       0x84 Src/usart.o
 .debug_frame   0x00003284       0x2c c:/ac6/systemworkbench/plugins/fr.ac6.mcu.externaltools.arm-none.win32_1.16.0.201807130628/tools/compiler/bin/../lib/gcc/arm-none-eabi/7.2.1/thumb/v7e-m/fpv4-sp/hard\libgcc.a(_aeabi_uldivmod.o)
 .debug_frame   0x000032b0       0x34 c:/ac6/systemworkbench/plugins/fr.ac6.mcu.externaltools.arm-none.win32_1.16.0.201807130628/tools/compiler/bin/../lib/gcc/arm-none-eabi/7.2.1/thumb/v7e-m/fpv4-sp/hard\libgcc.a(_udivmoddi4.o)
 .debug_frame   0x000032e4       0x2c c:/ac6/systemworkbench/plugins/fr.ac6.mcu.externaltools.arm-none.win32_1.16.0.201807130628/tools/compiler/bin/../lib/gcc/arm-none-eabi/7.2.1/../../../../arm-none-eabi/lib/thumb/v7e-m/fpv4-sp/hard\libc_nano.a(lib_a-init.o)
